// Jest Snapshot v1, https://goo.gl/fbAQLP

exports[`<WorkoutDetail /> renders the WorkoutDetail component correctly 1`] = `
<ApolloConsumer>
  <Component />
</ApolloConsumer>
`;
