// Jest Snapshot v1, https://goo.gl/fbAQLP

exports[`<WorkoutHistory /> renders the WorkoutHistory component correctly 1`] = `
<ApolloConsumer>
  <Component />
</ApolloConsumer>
`;
