// Jest Snapshot v1, https://goo.gl/fbAQLP

exports[`<LogIn /> renders the LogIn component correctly 1`] = `
<ApolloConsumer>
  <Component />
</ApolloConsumer>
`;
