// Jest Snapshot v1, https://goo.gl/fbAQLP

exports[`<SignUp /> renders the SignUp component correctly 1`] = `
<ApolloConsumer>
  <Component />
</ApolloConsumer>
`;
