// Jest Snapshot v1, https://goo.gl/fbAQLP

exports[`<Logo /> renders the Logo component correctly 1`] = `
<styled.div>
  <img
    alt="Logo"
    src="logo.png"
  />
</styled.div>
`;
