// Jest Snapshot v1, https://goo.gl/fbAQLP

exports[`<Preview /> renders the Preview component correctly 1`] = `
<styled.div>
  <div
    className="view"
    style={
      Object {
        "backgroundImage": "url(banner.jpg)",
      }
    }
  >
    <div
      className="content"
    >
      <h2 />
    </div>
  </div>
</styled.div>
`;
