// Jest Snapshot v1, https://goo.gl/fbAQLP

exports[`<ExerciseDetail /> renders the ExerciseDetail component correctly 1`] = `
<ApolloConsumer>
  <Component />
</ApolloConsumer>
`;
